// Jest Snapshot v1, https://goo.gl/fbAQLP

exports[`ViewSharedButton Component matches snapshot 1`] = `
<View
  accessibilityState={
    {
      "busy": undefined,
      "checked": undefined,
      "disabled": undefined,
      "expanded": undefined,
      "selected": undefined,
    }
  }
  accessibilityValue={
    {
      "max": undefined,
      "min": undefined,
      "now": undefined,
      "text": undefined,
    }
  }
  accessible={true}
  collapsable={false}
  focusable={true}
  onClick={[Function]}
  onResponderGrant={[Function]}
  onResponderMove={[Function]}
  onResponderRelease={[Function]}
  onResponderTerminate={[Function]}
  onResponderTerminationRequest={[Function]}
  onStartShouldSetResponder={[Function]}
  style={
    {
      "borderColor": "black",
      "borderRadius": 5,
      "borderWidth": 1,
      "flexDirection": "row",
      "opacity": 1,
    }
  }
>
  <View
    style={
      {
        "backgroundColor": "#A1D5E3",
        "width": "7%",
      }
    }
  />
  <View
    style={
      {
        "padding": 20,
      }
    }
  >
    <Text
      style={
        {
          "color": "black",
          "fontSize": 32,
        }
      }
    >
      Test Title
    </Text>
    <View
      style={
        {
          "flexDirection": "row",
          "gap": 20,
        }
      }
    >
      <shareContactIcon.svg
        height={45}
        width={45}
      />
      <Text
        style={
          {
            "flex": 1,
            "fontSize": 28,
            "padding": 5,
          }
        }
      >
        5
         contacts
      </Text>
    </View>
  </View>
</View>
`;
